digraph {
    0 [ label = "RefCell { value: Artifact { ident: \"__GLOBAL__\", _node_id: NodeId(4294967040), features: ([Feat(\"__GLOBAL__\")], [WeightedFeature { feature: Feature { name: \"__GLOBAL__\", not: false }, weight: 1.0 }]) } }" label="__GLOBAL__
(__GLOBAL__)"]
    1 [ label = "RefCell { value: Artifact { ident: \"one\", _node_id: NodeId(15), features: ([Feat(\"aa\")], [WeightedFeature { feature: Feature { name: \"aa\", not: false }, weight: 1.0 }]) } }" label="one
(aa)"]
    2 [ label = "RefCell { value: Artifact { ident: \"two\", _node_id: NodeId(19), features: ([Any([Feat(\"bb\"), Feat(\"cc\")])], [WeightedFeature { feature: Feature { name: \"bb\", not: false }, weight: 1.0 }, WeightedFeature { feature: Feature { name: \"cc\", not: false }, weight: 1.0 }]) } }" label="two
(any(bb, cc))"]
    3 [ label = "RefCell { value: Artifact { ident: \"three\", _node_id: NodeId(8), features: ([All([Feat(\"ee\"), Not([Feat(\"ff\")])])], [WeightedFeature { feature: Feature { name: \"ee\", not: false }, weight: 0.5 }, WeightedFeature { feature: Feature { name: \"ff\", not: true }, weight: 0.5 }]) } }" label="three
(all(ee, not(ff)))"]
    4 [ label = "RefCell { value: Artifact { ident: \"four\", _node_id: NodeId(12), features: ([Feat(\"dd\")], [WeightedFeature { feature: Feature { name: \"dd\", not: false }, weight: 1.0 }]) } }" label="four
(dd)"]
    2 -> 1 [ label="0"]
    1 -> 0 [ label="0"]
    4 -> 3 [ label="0"]
    3 -> 0 [ label="0"]
}

