digraph {
    0 [ label = "RefCell { value: Artifact { ident: \"__GLOBAL__\", _node_id: NodeId(4294967040), features: ([Feat(\"__GLOBAL__\")], [WeightedFeature { feature: Feature { name: \"__GLOBAL__\", not: false }, weight: 1.0 }]) } }" label="__GLOBAL__
(__GLOBAL__)"]
    1 [ label = "RefCell { value: Artifact { ident: \"one\", _node_id: NodeId(27), features: ([Feat(\"aa\")], [WeightedFeature { feature: Feature { name: \"aa\", not: false }, weight: 1.0 }]) } }" label="one
(aa)"]
    2 [ label = "RefCell { value: Artifact { ident: \"two\", _node_id: NodeId(24), features: ([Not([Feat(\"bb\")])], [WeightedFeature { feature: Feature { name: \"bb\", not: true }, weight: 1.0 }]) } }" label="two
(not(bb))"]
    3 [ label = "RefCell { value: Artifact { ident: \"three\", _node_id: NodeId(9), features: ([Feat(\"cc\")], [WeightedFeature { feature: Feature { name: \"cc\", not: false }, weight: 1.0 }]) } }" label="three
(cc)"]
    4 [ label = "RefCell { value: Artifact { ident: \"four\", _node_id: NodeId(13), features: ([Feat(\"dd\")], [WeightedFeature { feature: Feature { name: \"dd\", not: false }, weight: 1.0 }]) } }" label="four
(dd)"]
    5 [ label = "RefCell { value: Artifact { ident: \"five\", _node_id: NodeId(17), features: ([Feat(\"ee\")], [WeightedFeature { feature: Feature { name: \"ee\", not: false }, weight: 1.0 }]) } }" label="five
(ee)"]
    6 [ label = "RefCell { value: Artifact { ident: \"six\", _node_id: NodeId(21), features: ([Not([Feat(\"ff\")])], [WeightedFeature { feature: Feature { name: \"ff\", not: true }, weight: 1.0 }]) } }" label="six
(not(ff))"]
    1 -> 0 [ label="0"]
    2 -> 0 [ label="0"]
    5 -> 4 [ label="0"]
    6 -> 4 [ label="0"]
    4 -> 3 [ label="0"]
    3 -> 0 [ label="0"]
}

