digraph {
    0 [ label = "RefCell { value: Node { ident: \"one\", _node_id: NodeId(45), feature: [Feat(\"aa\")] } }" label="one (aa)"]
    1 [ label = "RefCell { value: Node { ident: \"two\", _node_id: NodeId(42), feature: [Not([Feat(\"bb\")])] } }" label="two (not(bb))"]
    2 [ label = "RefCell { value: Node { ident: \"three\", _node_id: NodeId(11), feature: [Feat(\"cc\")] } }" label="three (cc)"]
    3 [ label = "RefCell { value: Node { ident: \"four\", _node_id: NodeId(31), feature: [Feat(\"dd\")] } }" label="four (dd)"]
    4 [ label = "RefCell { value: Node { ident: \"five\", _node_id: NodeId(35), feature: [Feat(\"ee\")] } }" label="five (ee)"]
    5 [ label = "RefCell { value: Node { ident: \"six\", _node_id: NodeId(39), feature: [Not([Feat(\"ff\")])] } }" label="six (not(ff))"]
    6 [ label = "RefCell { value: Node { ident: \"main\", _node_id: NodeId(9), feature: [] } }" label="main ()"]
    3 -> 4 [ label="1"]
    3 -> 5 [ label="1"]
    2 -> 3 [ label="1"]
}

